// Jest Snapshot v1, https://goo.gl/fbAQLP

exports[`BabelPluginRelayMacro works: works 1`] = `
"
'use strict';

const {graphql} = require('../BabelPluginRelay.macro');
const ProfilePic = require('ProfilePic');

const ViewerQuery = graphql\`
  query ViewerQuery($id: ID!, $scale: Float = 1.5) {
    node(id: $id) {
      ... on User {
        id
        ...ProfilePic_user
      }
    }
  }
\`;

      ↓ ↓ ↓ ↓ ↓ ↓

'use strict';

import * as _ViewerQuery from \\"./__generated__/ViewerQuery.graphql\\";

const ProfilePic = require('ProfilePic');

const ViewerQuery = function () {
  const _ViewerQuery2 = _ViewerQuery;

  if (_ViewerQuery2.hash && _ViewerQuery2.hash !== \\"b046a97b7823510c05083ebb114377f4\\") {
    console.error(\\"The definition of 'ViewerQuery' appears to have changed. Run \`relay-compiler\` to update the generated files to receive the expected data.\\");
  }

  return _ViewerQuery;
};
"
`;
